<html>
<body>
<pre>
<h1>µVision Build Log</h1>
<h2>Project:</h2>
C:\Users\Dom\Desktop\Git\PPSW\Konwersje\konwersje.uvproj
Project File Date:  04/04/2022

<h2>Output:</h2>
Rebuild target 'Target 1'
assembling Startup.s...
compiling main.c...
main.c(75): warning:  #940-D: missing return statement at end of non-void function "eHexStringToUInt"
main.c(37): warning:  #177-D: variable "uiValue" was declared but never referenced
linking...
Program Size: Code=1152 RO-data=32 RW-data=4 ZI-data=1260  
FromELF: creating hex file...
".\konwersje.axf" - 0 Errors, 2 Warning(s).
Rebuild target 'Target 1'
assembling Startup.s...
compiling main.c...
main.c(74): warning:  #940-D: missing return statement at end of non-void function "eHexStringToUInt"
linking...
Program Size: Code=1152 RO-data=32 RW-data=4 ZI-data=1260  
FromELF: creating hex file...
".\konwersje.axf" - 0 Errors, 1 Warning(s).
Rebuild target 'Target 1'
assembling Startup.s...
compiling main.c...
main.c(74): warning:  #940-D: missing return statement at end of non-void function "eHexStringToUInt"
linking...
Program Size: Code=1152 RO-data=32 RW-data=4 ZI-data=1260  
FromELF: creating hex file...
".\konwersje.axf" - 0 Errors, 1 Warning(s).
Rebuild target 'Target 1'
assembling Startup.s...
compiling main.c...
main.c(74): warning:  #940-D: missing return statement at end of non-void function "eHexStringToUInt"
linking...
Program Size: Code=1152 RO-data=32 RW-data=4 ZI-data=1260  
FromELF: creating hex file...
".\konwersje.axf" - 0 Errors, 1 Warning(s).
Rebuild target 'Target 1'
assembling Startup.s...
compiling main.c...
main.c(74): warning:  #940-D: missing return statement at end of non-void function "eHexStringToUInt"
linking...
Program Size: Code=1152 RO-data=32 RW-data=4 ZI-data=1260  
FromELF: creating hex file...
".\konwersje.axf" - 0 Errors, 1 Warning(s).
Rebuild target 'Target 1'
assembling Startup.s...
compiling main.c...
main.c(74): warning:  #940-D: missing return statement at end of non-void function "eHexStringToUInt"
linking...
Program Size: Code=1152 RO-data=32 RW-data=4 ZI-data=1260  
FromELF: creating hex file...
".\konwersje.axf" - 0 Errors, 1 Warning(s).
Rebuild target 'Target 1'
assembling Startup.s...
compiling main.c...
main.c(74): warning:  #940-D: missing return statement at end of non-void function "eHexStringToUInt"
linking...
Program Size: Code=1152 RO-data=32 RW-data=4 ZI-data=1260  
FromELF: creating hex file...
".\konwersje.axf" - 0 Errors, 1 Warning(s).
Rebuild target 'Target 1'
assembling Startup.s...
compiling main.c...
main.c(74): warning:  #940-D: missing return statement at end of non-void function "eHexStringToUInt"
linking...
Program Size: Code=1152 RO-data=32 RW-data=4 ZI-data=1260  
FromELF: creating hex file...
".\konwersje.axf" - 0 Errors, 1 Warning(s).
