<html>
<body>
<pre>
<h1>µVision Build Log</h1>
<h2>Project:</h2>
C:\Users\Mr_Dusza\Documents\GitHub\PPSW\Konwersje\konwersje.uvproj
Project File Date:  04/19/2022

<h2>Output:</h2>
Rebuild target 'Target 1'
assembling Startup.s...
compiling main.c...
linking...
Program Size: Code=1148 RO-data=32 RW-data=4 ZI-data=1260  
FromELF: creating hex file...
".\konwersje.axf" - 0 Errors, 0 Warning(s).
Rebuild target 'Target 1'
assembling Startup.s...
compiling main.c...
linking...
Program Size: Code=1148 RO-data=32 RW-data=4 ZI-data=1260  
FromELF: creating hex file...
".\konwersje.axf" - 0 Errors, 0 Warning(s).
Rebuild target 'Target 1'
assembling Startup.s...
compiling main.c...
linking...
Program Size: Code=1204 RO-data=32 RW-data=8 ZI-data=1256  
FromELF: creating hex file...
".\konwersje.axf" - 0 Errors, 0 Warning(s).
Rebuild target 'Target 1'
assembling Startup.s...
compiling main.c...
linking...
Program Size: Code=1204 RO-data=32 RW-data=104 ZI-data=1256  
FromELF: creating hex file...
".\konwersje.axf" - 0 Errors, 0 Warning(s).
Rebuild target 'Target 1'
assembling Startup.s...
compiling main.c...
linking...
Program Size: Code=1204 RO-data=32 RW-data=104 ZI-data=1256  
FromELF: creating hex file...
".\konwersje.axf" - 0 Errors, 0 Warning(s).
Rebuild target 'Target 1'
assembling Startup.s...
compiling main.c...
linking...
Program Size: Code=1212 RO-data=32 RW-data=4 ZI-data=1260  
FromELF: creating hex file...
".\konwersje.axf" - 0 Errors, 0 Warning(s).
Rebuild target 'Target 1'
assembling Startup.s...
compiling main.c...
linking...
Program Size: Code=1212 RO-data=32 RW-data=4 ZI-data=1260  
FromELF: creating hex file...
".\konwersje.axf" - 0 Errors, 0 Warning(s).
Rebuild target 'Target 1'
assembling Startup.s...
compiling main.c...
linking...
Program Size: Code=1212 RO-data=32 RW-data=4 ZI-data=1260  
FromELF: creating hex file...
".\konwersje.axf" - 0 Errors, 0 Warning(s).
Rebuild target 'Target 1'
assembling Startup.s...
compiling main.c...
linking...
Program Size: Code=1212 RO-data=32 RW-data=4 ZI-data=1260  
FromELF: creating hex file...
".\konwersje.axf" - 0 Errors, 0 Warning(s).
Build target 'Target 1'
linking...
Program Size: Code=1212 RO-data=32 RW-data=4 ZI-data=1260  
FromELF: creating hex file...
".\konwersje.axf" - 0 Errors, 0 Warning(s).
Build target 'Target 1'
linking...
Program Size: Code=1212 RO-data=32 RW-data=4 ZI-data=1260  
FromELF: creating hex file...
".\konwersje.axf" - 0 Errors, 0 Warning(s).
Rebuild target 'Target 1'
assembling Startup.s...
compiling main.c...
linking...
Program Size: Code=1204 RO-data=32 RW-data=12 ZI-data=1260  
FromELF: creating hex file...
".\konwersje.axf" - 0 Errors, 0 Warning(s).
Rebuild target 'Target 1'
assembling Startup.s...
compiling main.c...
linking...
Program Size: Code=1212 RO-data=32 RW-data=4 ZI-data=1260  
FromELF: creating hex file...
".\konwersje.axf" - 0 Errors, 0 Warning(s).
